// Jest Snapshot v1, https://goo.gl/fbAQLP

exports[`Navbar renders without crashing 1`] = `
<Context.Provider
  value={
    Object {
      "hideLogIn": [Function],
      "isLoggedIn": false,
      "logIn": [Function],
      "logout": [Function],
      "setToken": [Function],
      "token": "",
      "triggerLogIn": false,
    }
  }
>
  <NavbarConnected
    bg="white"
    brandImageKey="brandImage"
    fixed={false}
    onSelect={[Function]}
    onToggle={[Function]}
    variant="light"
  />
</Context.Provider>
`;
