// Jest Snapshot v1, https://goo.gl/fbAQLP

exports[`EventConnected redirects to /events when no event is found 1`] = `<div />`;

exports[`EventConnected renders an event 1`] = `
<div>
  <div
    class="w-100"
  >
    <div
      class="row"
    >
      <div
        class="col-12"
      >
        <div
          class="max-height-45-vh embed-responsive embed-responsive-1by1 embed-responsive-md-21by9"
        >
          <div
            class="fill d-flex justify-content-center align-items-center"
          >
            <div
              class="spinner-border text-primary"
              role="status"
            >
              <span
                class="sr-only"
              >
                Loading...
              </span>
            </div>
          </div>
          <div
            class="w-100 h-100 absolute-center opacity-65 gradient-black-bottom-top"
          />
          <div
            class="fill d-flex justify-content-center align-items-center"
            style="z-index: 1000;"
          >
            <div
              class="p-4 w-100 h-100 max-width-1100 d-flex align-items-end justify-content-start"
            >
              <div>
                <h1
                  class="text-white"
                >
                  Vision Weekend
                </h1>
                <h4
                  class="mb-0 font-weight-light text-white"
                >
                  The Movement is Now
                </h4>
              </div>
            </div>
          </div>
        </div>
      </div>
    </div>
  </div>
  <div
    class="container-fluid my-4 px-3"
  >
    <div
      class="row"
    >
      <div
        class="col-12 col-lg-4 p-2"
      >
        <div
          class="card border-0 shadow mb-3"
        >
          <div
            class="card-body"
          >
            <div
              class="dropdown"
              id="event-campus-selection"
            >
              <div
                class="w-100"
                style="vertical-align: middle; cursor: pointer;"
              >
                <span
                  class="h4"
                >
                  Select Location
                  <span
                    class="ml-2 float-right"
                    style="font-size: 22px;"
                  >
                    <svg
                      aria-hidden="true"
                      class="svg-inline--fa fa-angle-down fa-w-10 "
                      data-icon="angle-down"
                      data-prefix="far"
                      focusable="false"
                      role="img"
                      viewBox="0 0 320 512"
                      xmlns="http://www.w3.org/2000/svg"
                    >
                      <path
                        d="M151.5 347.8L3.5 201c-4.7-4.7-4.7-12.3 0-17l19.8-19.8c4.7-4.7 12.3-4.7 17 0L160 282.7l119.7-118.5c4.7-4.7 12.3-4.7 17 0l19.8 19.8c4.7 4.7 4.7 12.3 0 17l-148 146.8c-4.7 4.7-12.3 4.7-17 0z"
                        fill="currentColor"
                      />
                    </svg>
                  </span>
                </span>
              </div>
            </div>
          </div>
        </div>
        <div
          class="card border-0 shadow mb-3"
        >
          <div
            class="card-body"
          >
            <div
              class="py-3"
            >
              <div
                class="mt-5"
              >
                <a
                  class="btn btn-primary btn-block my-3"
                  href="/#"
                  target=""
                >
                  Register
                </a>
              </div>
            </div>
          </div>
        </div>
      </div>
      <div
        class="col-12 col-lg-8 p-2"
      >
        <div
          class="card border-0 shadow py-3"
        >
          <div
            class="card-body"
          >
            <h3
              class="text-dark"
            >
              Details
            </h3>
            <div
              class="mb-5"
            >
              <p>
                It's a movement of miracles
              </p>
              <p>
                It's a movement of freedom
              </p>
              <p>
                It's a movement of restoration
              </p>
              <p>
                It's a movement of Impact
              </p>
              <p>
                It's a movement of life change
              </p>
              <p>
                It's a movement of new beginnings
              </p>
              <p>
                It's a movement of hope
              </p>
              <p>
                It's a movement of God
              </p>
              <p>
                <br />
              </p>
            </div>
            <div
              class="mx-n1"
            >
              <span
                class="badge badge-light font-weight-normal py-2 px-3 mx-1"
              >
                Vision
              </span>
            </div>
          </div>
        </div>
      </div>
    </div>
  </div>
</div>
`;

exports[`EventConnected renders the error state 1`] = `<div />`;

exports[`EventConnected renders the loading state 1`] = `
<div>
  <div
    class="fill d-flex justify-content-center align-items-center"
  >
    <div
      class="spinner-border text-primary"
      role="status"
    >
      <span
        class="sr-only"
      >
        Loading...
      </span>
    </div>
  </div>
</div>
`;
