// Jest Snapshot v1, https://goo.gl/fbAQLP

exports[`EventConnected redirects to /events when no event is found 1`] = `<div />`;

exports[`EventConnected renders an event 1`] = `<div />`;

exports[`EventConnected renders the error state 1`] = `<div />`;

exports[`EventConnected renders the loading state 1`] = `
<div>
  <div
    class="fill d-flex justify-content-center align-items-center"
  >
    <div
      class="spinner-border text-primary"
      role="status"
    >
      <span
        class="sr-only"
      >
        Loading...
      </span>
    </div>
  </div>
</div>
`;
