// Jest Snapshot v1, https://goo.gl/fbAQLP

exports[`App renders without crashing 1`] = `
<div
  className="App"
>
  <metaTags
    description="At Christ Fellowship Church, our goal is to help you know God, grow in your relationships, and discover your purpose so that you can impact the world."
    keywords={
      Array [
        "Church",
        "Christ Fellowship",
        "Christ Fellowship Church",
        "Churches in South Florida",
      ]
    }
    openGraphProtocols={
      Array [
        Object {
          "content": "Christ Fellowship Church",
          "name": "title",
        },
        Object {
          "content": "At Christ Fellowship Church, our goal is to help you know God, grow in your relationships, and discover your purpose so that you can impact the world.",
          "name": "description",
        },
        Object {
          "content": "",
          "name": "image",
        },
        Object {
          "content": "Christ Fellowship Church",
          "name": "site_name",
        },
        Object {
          "content": "https://gochristfellowship.com",
          "name": "url",
        },
        Object {
          "content": "website",
          "name": "type",
        },
      ]
    }
    title="Christ Fellowship Church"
    twitterProtocols={
      Array [
        Object {
          "content": "Christ Fellowship Church",
          "name": "title",
        },
        Object {
          "content": "At Christ Fellowship Church, our goal is to help you know God, grow in your relationships, and discover your purpose so that you can impact the world.",
          "name": "description",
        },
        Object {
          "content": "",
          "name": "image",
        },
        Object {
          "content": "https://gochristfellowship.com",
          "name": "url",
        },
      ]
    }
  />
  <Navbar />
  <div
    className="App-body mt-5"
  >
    <Router />
  </div>
  <Footer />
</div>
`;
