// Jest Snapshot v1, https://goo.gl/fbAQLP

exports[`ArticleDetail passes back a null article 1`] = `
<div>
  <h3
    class="text-center text-danger"
  >
    There was an error loading this content. Try refreshing the page.
  </h3>
</div>
`;

exports[`ArticleDetail renders an article 1`] = `
<div>
  <div>
    <div
      class="container my-6 max-width-800"
    >
      <div
        class="row"
      >
        <div
          class="col"
        >
          <div
            class="container-fluid "
          >
            <div
              class="row align-items-center"
            >
              <div
                class="col-12 col-md-12 order-first px-3"
              />
              <div
                class="col-12 col-md text-center px-3"
              >
                <h2
                  class="mb-1 text-dark"
                >
                  Article 1
                </h2>
                <h6
                  class="mt-1 article-subtitle font-weight-light"
                >
                  READ THIS GUYS!
                </h6>
                <div
                  class="embed-responsive embed-responsive-16by9 rounded my-4"
                >
                  <div
                    class="fill d-flex justify-content-center align-items-center"
                  >
                    <div
                      class="spinner-border text-primary"
                      role="status"
                    >
                      <span
                        class="sr-only"
                      >
                        Loading...
                      </span>
                    </div>
                  </div>
                </div>
                <div
                  class="py-4 d-flex align-items-center"
                >
                  <div
                    class="embed-responsive embed-responsive-1by1 rounded-circle author-image mr-3"
                  >
                    <div
                      class="fill d-flex justify-content-center align-items-center"
                    >
                      <div
                        class="spinner-border text-primary"
                        role="status"
                      >
                        <span
                          class="sr-only"
                        >
                          Loading...
                        </span>
                      </div>
                    </div>
                  </div>
                  <div
                    class="text-left d-flex flex-column"
                  >
                    <p
                      class="my-1 font-weight-bold text-dark"
                    >
                      Todd Mullins
                    </p>
                    <p
                      class="my-1 mb-0 font-weight-light"
                    >
                      September 27, 2019  •  10 min
                    </p>
                  </div>
                </div>
                <div
                  class="article-body my-3 font-weight-light pb-4 text-left"
                >
                  <p>
                    This is my really good article on how to be such a Godly man. Your life will be changed if you keep reading.
                  </p>
                </div>
              </div>
            </div>
          </div>
        </div>
      </div>
      <div
        class="row"
      >
        <div
          class="col-12 px-3"
        >
          <h4
            class="text-uppercase text-muted"
            style="font-weight: 900; letter-spacing: 2px;"
          >
            categories
          </h4>
        </div>
        <div
          class="col-12 px-3"
        />
      </div>
    </div>
  </div>
</div>
`;

exports[`ArticleDetail renders an article without author image 1`] = `
<div>
  <h3
    class="text-center text-danger"
  >
    There was an error loading this content. Try refreshing the page.
  </h3>
</div>
`;

exports[`ArticleDetail renders an article without image 1`] = `
<div>
  <h3
    class="text-center text-danger"
  >
    There was an error loading this content. Try refreshing the page.
  </h3>
</div>
`;

exports[`ArticleDetail renders an article without publishDate 1`] = `
<div>
  <h3
    class="text-center text-danger"
  >
    There was an error loading this content. Try refreshing the page.
  </h3>
</div>
`;

exports[`ArticleDetail renders an article without readTime 1`] = `
<div>
  <h3
    class="text-center text-danger"
  >
    There was an error loading this content. Try refreshing the page.
  </h3>
</div>
`;

exports[`ArticleDetail renders an article without summary 1`] = `
<div>
  <h3
    class="text-center text-danger"
  >
    There was an error loading this content. Try refreshing the page.
  </h3>
</div>
`;

exports[`ArticleDetail renders an article without title 1`] = `
<div>
  <h3
    class="text-center text-danger"
  >
    There was an error loading this content. Try refreshing the page.
  </h3>
</div>
`;

exports[`ArticleDetail renders the error state 1`] = `
<div>
  <h3
    class="text-center text-danger"
  >
    There was an error loading this content. Try refreshing the page.
  </h3>
</div>
`;

exports[`ArticleDetail renders the loading state 1`] = `
<div>
  <div
    class="fill d-flex justify-content-center align-items-center"
  >
    <div
      class="spinner-border text-primary"
      role="status"
    >
      <span
        class="sr-only"
      >
        Loading...
      </span>
    </div>
  </div>
</div>
`;
