// Jest Snapshot v1, https://goo.gl/fbAQLP

exports[`ArticleDetail renders without crashing 1`] = `
<div
  className="fill d-flex justify-content-center align-items-center"
>
  <div
    className="spinner-border text-primary"
    role="status"
  >
    <span
      className="sr-only"
    >
      Loading...
    </span>
  </div>
</div>
`;
