// Jest Snapshot v1, https://goo.gl/fbAQLP

exports[`GroupBlock Renderer Displays a Accordion GroupBlock 1`] = `
<div>
  <div
    class="vh-100 vw-100 d-flex justify-content-center align-items-center bg-light"
  >
    <div
      class="fill d-flex justify-content-center align-items-center"
    >
      <div
        class="spinner-border text-primary"
        role="status"
      >
        <span
          class="sr-only"
        >
          Loading...
        </span>
      </div>
    </div>
  </div>
</div>
`;

exports[`GroupBlock Renderer Displays a Carousel GroupBlock 1`] = `
<div>
  <div
    class="vh-100 vw-100 d-flex justify-content-center align-items-center bg-light"
  >
    <div
      class="fill d-flex justify-content-center align-items-center"
    >
      <div
        class="spinner-border text-primary"
        role="status"
      >
        <span
          class="sr-only"
        >
          Loading...
        </span>
      </div>
    </div>
  </div>
</div>
`;

exports[`GroupBlock Renderer Displays a Row GroupBlock 1`] = `
<div>
  <div
    class="vh-100 vw-100 d-flex justify-content-center align-items-center bg-light"
  >
    <div
      class="fill d-flex justify-content-center align-items-center"
    >
      <div
        class="spinner-border text-primary"
        role="status"
      >
        <span
          class="sr-only"
        >
          Loading...
        </span>
      </div>
    </div>
  </div>
</div>
`;
