// Jest Snapshot v1, https://goo.gl/fbAQLP

exports[`GroupBlock Renderer Displays a Carousel GroupBlock 1`] = `
<div
  className="container py-5"
>
  <div
    className="row justify-content-center"
  >
    <div
      className="col-10 col-md-4"
    >
      <div
        className="carousel slide"
        data-ride="carousel"
      >
        <ol
          className="carousel-indicators"
        >
          <li
            className="active"
            onClick={[Function]}
          />
        </ol>
        <div
          className="carousel-inner container d-flex align-items-center pb-5"
        >
          <div
            className="item carousel-item active"
          />
        </div>
      </div>
    </div>
  </div>
</div>
`;

exports[`GroupBlock Renderer Displays a Row GroupBlock 1`] = `
<div
  className="col-12"
>
  <div
    className="container py-5"
  >
    <div
      className="row"
    >
      <div
        className="container-fluid "
      >
        <div
          className="row align-items-center"
        >
          <div
            className="col-12 col-md-6 order-first order-md-last"
          />
          <div
            className="col-12 col-md text-left"
          >
            <h6
              className="pt-1"
            />
            <h2
              className="font-weight-bold"
            />
            <div
              className="pt-1 pb-4 px-3"
            />
            <div>
              <br />
            </div>
          </div>
        </div>
      </div>
    </div>
  </div>
</div>
`;
