// Jest Snapshot v1, https://goo.gl/fbAQLP

exports[`ArticleDetails renders without crashing 1`] = `
<div
  className="container-fluid "
>
  <div
    className="row align-items-center"
  >
    <div
      className="col-12 col-md-12 order-first px-3"
    />
    <div
      className="col-12 col-md text-center px-3"
    >
      <div>
        <h2 />
        <h6 />
        <div
          className="embed-responsive embed-responsive-1by1  "
        />
        <div>
          <div
            className="embed-responsive embed-responsive-1by1  "
          />
          <div>
            <p />
            <p />
          </div>
        </div>
        <div />
      </div>
    </div>
  </div>
</div>
`;

exports[`DefaultPage renders without crashing 1`] = `
<div
  className="container-fluid "
>
  <div
    className="row align-items-center"
  >
    <div
      className="col-12 col-md-12 order-first px-3"
    />
    <div
      className="col-12 col-md text-center px-3"
    >
      <div>
        <h2 />
        <h6 />
        <div
          className="embed-responsive embed-responsive-1by1  "
        />
        <div>
          <div
            className="embed-responsive embed-responsive-1by1  "
          />
          <div>
            <p />
            <p />
          </div>
        </div>
        <div />
      </div>
    </div>
  </div>
</div>
`;
